0 verbose cli C:\Program Files\nodejs\node.exe C:\Program Files\nodejs\node_modules\npm\bin\npm-cli.js
1 info using npm@11.6.2
2 info using node@v24.13.0
3 silly config load:file:C:\Program Files\nodejs\node_modules\npm\npmrc
4 silly config load:file:C:\Users\Risix\Desktop\Projects\RamirezLandscaping\tmp-lockcheck\.npmrc
5 silly config load:file:C:\Users\Risix\.npmrc
6 silly config load:file:C:\Users\Risix\AppData\Roaming\npm\etc\npmrc
7 verbose title npm exec npm@10.9.2 install
8 verbose argv "exec" "--" "npm@10.9.2" "install"
9 verbose logfile logs-max:10 dir:C:\Users\Risix\Desktop\Projects\RamirezLandscaping\.npm-cache\_logs\2026-05-10T00_16_45_965Z-
10 verbose logfile C:\Users\Risix\Desktop\Projects\RamirezLandscaping\.npm-cache\_logs\2026-05-10T00_16_45_965Z-debug-0.log
11 silly logfile start cleaning logs, removing 1 files
12 silly logfile done cleaning log files
13 silly packumentCache heap:4496293888 maxSize:1124073472 maxEntrySize:562036736
14 http fetch GET 200 https://registry.npmjs.org/npm 144ms (cache revalidated)
15 silly packumentCache heap:4496293888 maxSize:1124073472 maxEntrySize:562036736
16 silly packumentCache heap:4496293888 maxSize:1124073472 maxEntrySize:562036736
17 verbose cwd C:\Users\Risix\Desktop\Projects\RamirezLandscaping\tmp-lockcheck
18 verbose os Windows_NT 10.0.26200
19 verbose node v24.13.0
20 verbose npm  v11.6.2
21 verbose exit 0
22 info ok
